
> my-portfolio@0.1.0 build
> react-scripts build

node.exe : 
(node:10644) [DEP0176] 
DeprecationWarning: 
fs.F_OK is deprecated, 
use fs.constants.F_OK 
instead
At line:1 char:1
+ & "C:\Program 
Files\nodejs/node.exe" 
"C:\Program 
Files\nodejs/node_mo 
...
+ ~~~~~~~~~~~~~~~~~~~~~
~~~~~~~~~~~~~~~~~~~~~~~
~~~~~~~~~~~~~~~~~~~~~~~
~~
    + CategoryInfo     
         : NotSpecifi  
  ed: ((node:10644)    
 [D...ts.F_OK inste    
ad:String) [], Rem    
oteException
    + FullyQualifiedEr 
   rorId : NativeComm  
  andError
 
(Use `node 
--trace-deprecation 
...` to show where the 
warning was created)
Creating an optimized production build...
Compiled with warnings.

[eslint] 
src\components\SkillsSection\SkillsSection.js
  Line 3:10:  'useInView' is defined but never used  no-unused-vars

Search for the keywords to learn more about each warning.
To ignore, add // eslint-disable-next-line to the line before.

File sizes after gzip:

  110.5 kB  build\static\js\main.b9958fe9.js
  42.09 kB  build\static\js\255.ddc60a41.chunk.js
  5.5 kB    build\static\js\90.b5d23b43.chunk.js
  5.24 kB   build\static\css\main.559db97b.css
  3.23 kB   build\static\css\90.861d3d41.chunk.css
  1.77 kB   build\static\js\453.5c6ddc6a.chunk.js

The project was built assuming it is hosted at /.
You can control this with the homepage field in your package.json.

The build folder is ready to be deployed.
You may serve it with a static server:

  serve -s build

Find out more about deployment here:

  https://cra.link/deployment

